// Jest Snapshot v1, https://goo.gl/fbAQLP

exports[`Input renders children 1`] = `
<div
  className="css-g8jj0w"
>
  <input
    className="css-da639k"
    disabled={undefined}
    onBlur={[Function]}
    onChange={[Function]}
    onFocus={[Function]}
    onMouseEnter={[Function]}
    onMouseLeave={[Function]}
    value="jon.snow@winterfell.com"
  />
  <div
    className="css-1u12m60"
  />
</div>
`;
